// Jest Snapshot v1, https://goo.gl/fbAQLP

exports[`should render an error page 1`] = `
<div>
  404 not found dawg
  <br />
</div>
`;
