// Jest Snapshot v1, https://goo.gl/fbAQLP

exports[`should render an expense list 1`] = `
<div>
  <h1>
    Expense List
  </h1>
  <p>
    <ExpenseListItem
      amount={111}
      createdAt={0}
      description="exp 1"
      id="1"
      key="1"
      notes=""
    />
    <ExpenseListItem
      amount={222}
      createdAt={345600000}
      description="exp 2"
      id="2"
      key="2"
      notes=""
    />
    <ExpenseListItem
      amount={333}
      createdAt={3333}
      description="aaaa"
      id="3"
      key="3"
      notes=""
    />
    <ExpenseListItem
      amount={0}
      createdAt={-345600000}
      description="aaab"
      id="4"
      key="4"
      notes=""
    />
  </p>
</div>
`;
