// Jest Snapshot v1, https://goo.gl/fbAQLP

exports[`should render an expense with info 1`] = `
<div>
  <Link
    replace={false}
    to="/edit/1"
  >
    <h3>
      exp 1
    </h3>
  </Link>
  <p>
    Cost: 
    111
  </p>
  <p>
    Created At: 
    0
  </p>
</div>
`;
